
> portfolio-website@0.0.0 test
> jest

node.exe : 
鈼?Validation Error:
所在位置 行:1 字符: 1
+ & "I:\Software\nod
ejs/node.exe" "I:\So
ftware\nodejs/node_m
odules/npm/ ...
+ ~~~~~~~~~~~~~~~~~~
~~~~~~~~~~~~~~~~~~~~
~~~~~~~~~~~~~~~~~~~~
~~~~~~~~~~~
    + CategoryInfo  
            : NotS  
  pecified: (鈼?Va   
 lidation Error:    
:String) [], Re    
moteException
    + FullyQualifie 
   dErrorId : Nati  
  veCommandError
 

  Module jest-preset
-angular/global-setu
p in the 
globalSetup option 
was not found.
         <rootDir> 
is: I:\myHomePage\lo
lisaigao1234.github.
io

  Configuration 
Documentation:
  https://jestjs.io/
docs/configuration

